==========================================
Instagram Clone API Testing
==========================================

[1;33mTest 1: Health Check[0m
Status: 200
Response: {"status":"OK","message":"Server is running"}
[0;32m✓ Health check passed[0m

[1;33mTest 2: User Signup[0m
Status: 201
Response: {"message":"User created successfully","user":{"id":"693e3e8190e3206ffc5518e8","username":"testuser1765686913","email":"test1765686913@example.com","fullName":"Test User"}}
[0;32m✓ Signup passed[0m
User ID: 693e3e8190e3206ffc5518e8
Email: test1765686913@example.com

[1;33mTest 3: User Login (skipped - using signup session)[0m
[0;32m✓ Using authenticated session from signup[0m

[1;33mTest 4: Get Current User[0m
Status: 200
[0;32m✓ Get current user passed[0m
User ID: 693e3e8190e3206ffc5518e8

[1;33mTest 5: Create Post[0m
Status: 201
Response: {"post":{"userId":{"_id":"693e3e8190e3206ffc5518e8","username":"testuser1765686913","fullName":"Test User","profilePicture":""},"imageUrl":"https://picsum.photos/800/800","caption":"This is a test post created via API","_id":"693e3e8190e3206ffc5518ed","createdAt":"2025-12-14T04:35:13.991Z","updatedAt":"2025-12-14T04:35:13.991Z","__v":0}}
[0;32m✓ Create post passed[0m
Post ID: 693e3e8190e3206ffc5518ed

[1;33mTest 6: Get Post[0m
Status: 200
[0;32m✓ Get post passed[0m

[1;33mTest 7: Like Post[0m
Status: 200
[0;32m✓ Like post passed[0m

[1;33mTest 8: Add Comment[0m
Status: 201
[0;32m✓ Add comment passed[0m
Comment ID: 693e3e8290e3206ffc5518fd

[1;33mTest 9: Get Post Comments[0m
Status: 200
[0;32m✓ Get comments passed[0m

[1;33mTest 10: Get Feed[0m
Status: 200
[0;32m✓ Get feed passed[0m

[1;33mTest 11: Get User Profile[0m
Status: 200
[0;32m✓ Get user profile passed[0m

[1;33mTest 12: Get User Posts[0m
Status: 200
[0;32m✓ Get user posts passed[0m

[1;33mTest 12.5: Create Second User for Follow Test[0m
[0;32m✓ Second user created: 693e3e8290e3206ffc551910[0m

[1;33mTest 12.6: Follow User[0m
Status: 200
[0;32m✓ Follow user passed[0m

[1;33mTest 12.7: Unfollow User[0m
Status: 200
[0;32m✓ Unfollow user passed[0m

[1;33mTest 13: Unlike Post[0m
Status: 200
[0;32m✓ Unlike post passed[0m

[1;33mTest 14: Delete Comment[0m
Status: 200
[0;32m✓ Delete comment passed[0m

[1;33mTest 15: Delete Post[0m
Status: 200
[0;32m✓ Delete post passed[0m

[1;33mTest 16: Logout[0m
Status: 200
[0;32m✓ Logout passed[0m

==========================================
API Testing Complete!
==========================================
